// Jest Snapshot v1, https://goo.gl/fbAQLP

exports[`Details matches snapshot 1`] = `
<div>
  <h1>
    Details
  </h1>
  <div>
    <h2>
      Hotel 2
    </h2>
    <p>
      This is a description for Hotel 2.
    </p>
    <p>
      139.13
    </p>
    <p>
      7
    </p>
    <img
      alt="Hotel 2"
      src="http://localhost:3000/rails/active_storage/blobs/redirect/eyJfcmFpbHMiOnsibWVzc2FnZSI6IkJBaHBCdz09IiwiZXhwIjpudWxsLCJwdXIiOiJibG9iX2lkIn19--16d773ef08a1a413ca00a961f9b8696c29001642/image2.jpg"
    />
  </div>
</div>
`;
